[   0.000000] Initializing cgroup subsys cpuset
[    0.000000] Initializing cgroup subsys cpu
[    0.000000] Initializing cgroup subsys cpuacct
[    0.000000] Linux version 4.4.0-78-generic (buildd@lgw01-39) (gcc version 5.4.0 20160609 (Ubuntu 5.4.0-6ubuntu1~16.04.4) ) #99-Ubuntu SMP Thu Apr 27 15:28:22 UTC 2017 (Ubuntu 4.4.0-78.99-generic 4.4.62)
[    0.000000] KERNEL supported cpus:
[    0.000000]   Intel GenuineIntel
[    0.000000]   AMD AuthenticAMD
[    0.000000]   NSC Geode by NSC
[    0.000000]   Cyrix CyrixInstead
[    0.000000]   Centaur CentaurHauls
[    0.000000]   Transmeta GenuineTMx86
[    0.000000]   Transmeta TransmetaCPU
[    0.000000]   UMC UMC UMC UMC
[    0.000000] x86/fpu: xstate_offset[2]:  576, xstate_sizes[2]:  256
[    0.000000] x86/fpu: Supporting XSAVE feature 0x01: 'x87 floating point registers'
[    0.000000] x86/fpu: Supporting XSAVE feature 0x02: 'SSE registers'
[    0.000000] x86/fpu: Supporting XSAVE feature 0x04: 'AVX registers'
[    0.000000] x86/fpu: Enabled xstate features 0x7, context size is 832 bytes, using 'standard' format.
[    0.000000] x86/fpu: Using 'lazy' FPU context switches.
[    0.000000] e820: BIOS-provided physical RAM map:
[    0.000000] BIOS-e820: [mem 0x0000000000000000-0x000000000009fbff] usable
[    0.000000] BIOS-e820: [mem 0x000000000009fc00-0x000000000009ffff] reserved
[    0.000000] BIOS-e820: [mem 0x00000000000f0000-0x00000000000fffff] reserved
[    0.000000] BIOS-e820: [mem 0x0000000000100000-0x000000003ffeffff] usable
[    0.000000] BIOS-e820: [mem 0x000000003fff0000-0x000000003fffffff] ACPI data
[    0.000000] BIOS-e820: [mem 0x00000000fffc0000-0x00000000ffffffff] reserved
[  0000000] NX (Execute Disable) protection: active
[    0.000000] SMBIOS 2. pset.
[    0.000000] Hypervisor detected: KVM
[    0.000000] e820: last_pfn = 0x3fff0 max_arch_pfn = 0x1000000
[    0.000000] MTRR: Disabled
[    0.000000] x86/PAT: MTRRs disabled, skipping PAT initialization too.
[    0.000000] x86/PAT: Configuration [0-7]: WB  WT  UC- UC  WB  WT  UC- UC  
[    0.000000] CPU MTRRs all blank - virtualized system.
[    0.000000] found SMP MP-table at [mem 0x0009fff0-0x0009ffff] mapped at [c009fff0]
[    0.000000] Scanning 1 areas for low memory corruption
[    0.000000] RAMDISK: [mem 0x36aec000-0x3756dfff]
[    0.000000] ACPI: Early table checksum verification disabled
[    0.000000] ACPI: RSDP 0x00000000000E0000 000024 (v02 VBOX  )
[    0.000000] ACPI: XSDT 0x000000003FFF0030 00003C (v01 VBOX   VBOXXSDT 00000001 ASL  00000061)
[    0.000000] ACPI: FACP 0x000000003FFF00F0 0000F4 (v04 VBOX   VBOXFACP 00000001 ASL  00000061)
[    0.000000] ACPI: DSDT 0x000000003FFF0470 002118 (v01 VBOX   VBOXBIOS 00000002 INTL 20140214)
[    0.000000] ACPI: FACS 0x000000003FFF0200 000040
[    0.000000] ACPI: FACS 0x000000003FFF0200 000040
[    0.000000] ACPI: APIC 0x000000003FFF0240 00005C (v02 VBOX   VBOXAPIC 00000001 ASL  00000061)
[    0.000000] ACPI: SSDT 0x000000003FFF02A0 0001CC (v01 VBOX   VBOXCPUT 00000002 INTL 20140214)
[    0.000000] 131MB HIGHMEM available.
[    0.000000] 891MB LOWMEM available.
[    0.000000]   mapped low ram: 0 - 37bfe000
[    0.000000]   low ram: 0 - 37bfe000
[    0.000000] kvm-clock: Using msrs 4b564d01 and 4b564d00
[    0.000000] kvm-clock: cpu 0, msr 0:37bfd001, primary cpu clock
[    0.000000] kvm-clock: using sched offset of 4312061894 cycles
[    0.000000] clocksource: kvm-clock: mask: 0xffffffffffffffff max_cycles: 0x1cd42e4dffb, max_idle_ns: 881590591483 ns
[    0.000000] Zone ranges:
[    0.000000]   DMA      [mem 0x0000000000001000-0x0000000000ffffff]
[    0.000000]   Normal   [mem 0x0000000001000000-0x0000000037bfdfff]
[    0.000000]   HighMem  [mem 0x0000000037bfe000-0x000000003ffeffff]
[    0.000000] Movable zone start for each node
[    0.000000] Early memory node ranges
[    0.000000]   node   0: [mem 0x0000000000001000-0x000000000009efff]
[    0.000000]   node   0: [mem 0x0000000000100000-0x000000003ffeffff]
[    0.000000] Initmem setup node 0 [mem 0x0000000000001000-0x000000003ffeffff]
[    0.000000] Using APIC driver default
[    0.000000] ACPI: PM-Timer IO Port: 0x4008
[    0.000000] IOAPIC[0]: apic_id 2, version 17, address 0xfec00000, GSI 0-23
[    0.000000] ACPI: INT_SRC_OVR (bus 0 bus_irq 0 global_irq 2 dfl dfl)
[    0.000000] ACPI: INT_SRC_OVR (bus 0 bus_irq 9 global_irq 9 high level)
[    0.000000] Using ACPI (MADT) for SMP configuration information
[    0.000000] smpboot: Allowing 2 CPUs, 0 hotplug CPUs
[   .00000PM: Registered nosave memory: [mem 0x00000000-0x00000fff]
[    0.000000] PM: Registered nosave memory: [mem 0x0009f000-0x0009ffff]
[    0.000000] PM: Registered nosave memory: [mem 0x000a0000-0x000effff]
[    0.000000] PM: Registered nosave memory: [mem 0x000f0000-0x000fffff]
[    0.000000] e820: [mem 0x400000-0xfffbffff] available for PCI devices
[    0.000000] Booting paravirtualized kernel on KVM
[    0.000000] clocksource: refined-jiffies: mask: 0xffffffff max_cycles: 0xffffffff, max_idle_ns: 764551960021568 ns
[    0.000000] setup_percpu: NR_CPUS:8 nr_cpumask_bits:8 nr_cpu_ids:2 nr_node_ids:1
[    0.000000] PERCPU: Embedded 19 pages/cpu @f76b0000 s47436 r0 d30388 u77824
[   0.000000] PV qspinlock hash table entries: 512 (order: 0, 4096 bytes)
[    0.000000] Built 1 zonelists in Zone order, mobility grouping on.  Total pages: 259800
[    0.000000] Kernel command line: BOOT_IMAGE=/boot/vmlinuz-4.4.0-78-generic root=LABEL=cloudimg-rootfs ro console=tty1 console=ttyS0
[    0.000000] PID hash table entries: 4096 (order: 2, 16384 bytes)
    0.000000] Dentry cache hash table entries: 131072 (rdr: 7, 524288 bytes)
[    0.000000] Inode-cache hash table entries: 65536 (order: 6, 262144 bytes)
[    0.000000] Initializing CPU#0
[    0.000000] Initializing HighMem for node 0 (00037bfe:0003fff0)
[    0.000000] Initializing Movable for node 0 (00000000:00000000)
[    0.000000] Memory: 1012184K/1048120K available (7958K kernel code, 766K rwdata, 3164K rodata, 940K init, 800K bss, 35936K reserved, 0K cma-reserved, 135112K highmem)
[    0.000000] virtual kernel memory layout:
[    0.000000]     fixmap  : 0xfff15000 - 0xfffff000   ( 936 kB)
[    0.000000]     pkmap   : 0xffc00000 - 0xffe00000   (04kB)
[    0.000000]     vmalloc : 0xf83fe000 - 0xffbfe000   ( 120 MB)
[    0.000000]     lowmem  : 0xc0000000 - 0xf7bfe000   ( 891 MB)
[    0.000000]       .init : 0xc1b9f000 - 0xc1c8a000   ( 940 kB)
[    0.000000]       .data : 0xc17c5b8b - 0xc1b9db40   (3935 kB)
[    0.000000]       .text : 0xc1000000 - 0xc17c5b8b   (7958 kB)
[    0.000000] Checking if this processor honours the WP bit even in supervisor mode...Ok.
[    0.000000] SLUB: HWalign=64, Order=0-3, MinObjects=0, CPUs=2, Nodes=1
[    0.000000] Hierarchical RCU implemeaton.
[  000000]Build-time adjustment f lef nout to 32.
[    0.000000] 	RCU restricting CPUs from NR_CPUS=8 to nr_cpu_ids=2.
[    0.000000] RCU: Adjusting geometry for rcu_fanout_leaf=32, nr_cpu_ids=2
[    0.000000] NR_IRQS:2304 nr_irqs:440 16
[    0.000000] Console: colour VGA+ 80x25
[    0.000000] console [tty1] enabled
[    0.000000] console [ttyS0] enabled
[   00000] located 1048576 bytesofpage_ext
[    0.000000] tsc: Detected 2394.456 MHz processor
[   .560478] Calibrating delay loop (skipped) preset value.. 4788.91 BogoMIPS (lpj=9577824)
[    1.625127] pid_max: default: 32768 minimum: 301
[    1.628092] ACPI: Core revision 20150930
[    1.629928] ACPI: 2 ACPI AML tables successfully acquired and loaded
[    1.649392] Security Framework initialized
[    1.676111] Yama: becoming mindful.
[    1.676941] AppArmor: AppArmor initialized
[    1.677878] Mount-cache hash table entries: 2048 (order: 1, 8192 bytes)
[    1.691850] Mountpoint-cache hash table entries: 2048 (order: 1, 8192 bytes)
[    1.749005] Initializing cgroup subsys io
[    1.749791] Initializing cgroup subsys memory
[    1.750610] Initializing cgroup subsys devices
[    1.751460] Initializing cgroup subsys freezer
[    1.752300] Initializing cgroup subsys net_cls
[    1.753187] Initializing cgroup subsys perf_event
[    1.783618] Initializing cgroup subsys net_prio
[    1.792729] Initializing cgroup subsys hugetlb
[    1.813125] Initializing cgroup subsys pids
[    1.818467] CPU: Physical Processor ID: 0
[    1.864771] CPU: Processor Core ID: 0
[    1.929735] mce: CPU supports 0 MCE banks
[    1.978138] Last level iTLB entries: 4KB 1024, 2MB 1024, 4MB 1024
[    2.018543] Last level dTLB entries: 4KB 1024, 2MB 1024, 4MB 1024, 1GB 4
[    2.023937] Freeing SMP alternatives memory: 28K (c1c8a000 - c1c91000)
[    2.033334] ftrace: allocating 31402 entries in 62 pages
[    2.159304] smpboot: APIC(0) Converting physical 0 to logical package 0
[    2.239391] smpboot: Max logical packages: 1
[    2.248015] Enabling APIC mode:  Flat.  Using 1 I/O APICs
[    2.251369] ..TIMER: vector=0x30 apic1=0 pin1=2 apic2=-1 pin2=-1
[    2.451069] smpboot: CPU0: Intel(R) Core(TM) i5-4210U CPU @ 1.70GHz (family: 0x6, model: 0x45, stepping: 0x1)
[    2.575984] Performance Events: unsupported p6 CPU model 69 no PMU driver, software events only.
[    2.630481] KVM setup paravirtual spinlock
[    2.637857] x86: Booting SMP configuration:
[    2.649624] .... node  #0, CPUs:      #1
[1266874885.397489] Initializing CPU#1
[    2.651109] kvm-clock: cpu 1, msr 0:37bfd041, secondary cpu clock
[    2.654244] mce: CPU supports 0 MCE banks
[    2.660170] x86: Booted up 1 node, 2 CPUs
[    2.670223] smpboot: Total of 2 processors activated (9577.82 BogoMIPS)
[    2.671907] devtmpfs: initialized
[    2.673968] evm: security.selinux
[    2.674661] evm: security.SMACK64
[    2.675373] evm: security.SMACK64EXEC
[    2.676141] evm: security.SMACK64TRANSMUTE
[    2.676949] evm: security.SMACK64MMAP
[    2.677676] evm: security.ima
[    2.690053] evm: security.capability
[    2.691117] clocksource: jiffies: mask: 0xffffffff max_cycles: 0xffffffff, max_idle_ns: 7645041785100000 ns
[    2.692851] futex hash table entries: 512 (order: 3, 32768 bytes)
[    2.694141] pinctrl core: initialized pinctrl subsystem
[    2.695209] RTC time: 14:29:22, date: 08/29/17
[    2.696246] NET: Registered protocol family 16
[    2.697297] EISA bus registered
[    2.707102] cpuidle: using governor ladder
[    2.755609] cpuidle: using governor menu
[    2.765012] PCCT header not found.
[    2.767793] ACPI: bus type PCI registered
[    2.769969] acpiphp: ACPI Hot Plug PCI Controller Driver version: 0.5
[    2.772911] PCI : PCI BIOS area is rw and x. Use pci=nobios if you want it NX.
[    2.776727] PCI: PCI BIOS revision 2.10 entry at 0xfda26, last bus=0
[    2.805396] PCI: Using configuration type 1 for base access
[    2.868579] ACPI: Added _OSI(Module Device)
[    2.879994] ACPI: Added _OSI(Processor Device)
[    2.918153] ACPI: Added _OSI(3.0 _SCP Extensions)
[    2.933041] ACPI: Added _OSI(Processor Aggregator Device)
[    2.935364] ACPI: Executed 1 blocks of module-level executable AML code
[    2.945343] ACPI: Interpreter enabled
[    2.972160] ACPI: (supports S0 S5)
[    2.984145] ACPI: Using IOAPIC for interrupt routing
[    2.985564] PCI: Using host bridge windows from ACPI; if necessary, use "pci=nocrs" and report a bug
[    2.991186] ACPI: PCI Root Bridge [PCI0] (domain 0000 [bus 00-ff])
[    2.997537] acpi PNP0A03:00: _OSC: OS supports [ASPM ClockPM Segments MSI]
[    3.037819] acpi PNP0A03:00: _OSC failed (AE_NOT_FOUND); disabling ASPM
[    3.044211] acpi PNP0A03:00: fail to add MMCONFIG information, can't access extended PCI configuration space under this bridge.
[    3.057520] PCI host bridge to bus 0000:00
[    3.083888] pci_bus 0000:00: root bus resource [io  0x0000-0x0cf7 window]
[    3.088960] pci_bus 0000:00: root bus resource [io  0x0d00-0xffff window]
[    3.162105] pci_bus 0000:00: root bus resource [mem 0x000a0000-0x000bffff window]
[    3.246597] pci_bus 0000:00: root bus resource [mem 0x40000000-0xffdfffff window]
[    3.249417] pci_bus 0000:00: root bus resource [bus 00-ff]
[    3.252010] pci 0000:00:01.1: legacy IDE quirk: reg 0x10: [io  0x01f0-0x01f7]
[    3.258732] pci 0000:00:01.1: legacy IDE quirk: reg 0x14: [io  0x03f6]
[    3.260056] pci 0000:00:01.1: legacy IDE quirk: reg 0x18: [io  0x0170-0x0177]
[    3.264063] pci 0000:00:01.1: legacy IDE quirk: reg 0x1c: [io  0x0376]
[    3.309113] ACPI: PCI Interrupt Link [LNKA] (IRQs 5 9 10 11) *0, disabled.
[    3.316519] ACPI: PCI Interrupt Link [LNKB] (IRQs 5 9 10 *11)
[    3.320343] ACPI: PCI Interrupt Link [LNKC] (IRQs 5 9 *10 11)
[    3.321762] ACPI: PCI Interrupt Link [LNKD] (IRQs 5 *9 10 11)
[    3.324745] ACPI: Enabled 2 GPEs in block 00 to 07
[    3.340354] vgaarb: setting as boot device: PCI:0000:00:02.0
[    3.344138] vgaarb: device added: PCI:0000:00:02.0,decodes=io+mem,owns=io+mem,locks=none
[    3.345720] vgaarb: loaded
[    3.346396] vgaarb: bridge control possible 0000:00:02.0
[    3.347729] SCSI subsystem initialized
[    3.349803] ACPI: bus type USB registered
[    3.352164] usbcore: registered new interface driver usbfs
[    3.372333] usbcore: registered new interface driver hub
[    3.373691] usbcore: registered new device driver usb
[    3.375339] PCI: Using ACPI for IRQ routing
[    3.408715] NetLabel: Initializing
[    3.449060] NetLabel:  domain hash size = 128
[    3.479879] NetLabel:  protocols = UNLABELED CIPSOv4
[    3.511816] NetLabel:  unlabeled traffic allowed by default
[    3.514375] amd_nb: Cannot enumerate AMD northbridges
[    3.531789] clocksource: Switched to clocksource kvm-clock
[    3.546305] AppArmor: AppArmor Filesystem Enabled
[    3.552647] pnp: PnP ACPI init
[    3.553995] pnp: PnP ACPI: found 3 devices
[    3.554791] PnPBIOS: Disabled by ACPI NP
[    3.671916] clocksource: acpi_pm: mask: 0xffffff max_cycles: 0xffffff, max_idle_ns: 2085701024 ns
[   6847NE Riser ptol mi 2
[    4.311032] TCP established hash table entries: 8192 (order: 3, 32768 bytes)
[   3156 T bndastable entries: 8192 (order: 4, 65536 bytes)
[    4.680075] TCP: Hash tables configured (established 8192 bind 8192)
[    4.700193] UDP hash table entries: 512 (order: 2, 16384 bytes)
[  47127 U-Lteas tblenie 5 (de:  138 bte)
[    5.552330] NET: Registered protocol family 1
[    5.554100 pi 00:00:00.0: Limiting direct PCI/PCI transfers
[   6784pc000:0:1.0:AcvangISDMha wrkous[   4956 Unpacking initramfs...
[    8.881520] Freeing initrd memory: 10760K (f6aec000 - f756e000)
[    8.965838] RAPL PMU detected, API unit is 2^-32 Joules, 4 fixed counters 10737418240 ms ovfl timer
[    8.998643] hw unit of domain pp0-core 2^-0 Joules
[    9.138043] hw unit of domain package 2^-0 Joules
[    9.138921] hw unit of domain dram 2^-0 Joules
[    9.139794] hw unit of domain pp1-gpu 2^-0 Joules
[    9.244241] platform rtc_cmos: registered platform RTC device (no PNP device found)
[    9.260207] Scanning for low memory corruption every 60 seconds
[    9.279075] audit: initializing netlink subsys (disabled)
[    9.280083] audit: type=2000 audit(1504016970.983:1): initialized
[    9.284613] Initialise system trusted keyring
[    9.338296] HugeTLB registered 2 MB page size, pre-allocated 0 pages
[    9.400656] zbud: loaded
[    9.413730] VFS: Disk quotas dquot_6.6.0
[    9.438600] VFS: Dquot-cache hash table entries: 1024 (order 0, 4096 bytes)
[    9.440294] squashfs: version 4.0 (2009/01/31) Phillip Lougher
[    9.478745] fuse init (API version 7.23)
[    9.479733] Key type big_key registered
[    9.528496] Allocating IMA MOK and blacklist keyrings.
[    9.651772] Key type asymmetric registered
[    9.669423] Asymmetric key parser 'x509' registered
[    9.670333] bounce: pool size: 64 pages
[    9.758082] Block layer SCSI generic (bsg) driver version 0.4 loaded (major 249)
[    9.759618] io scheduler noop registered
[    9.761540] io scheduler deadline registered (default)
[    9.762528] io scheduler cfq registered
[    9.763463] pci_hotplug: PCI Hot Plug PCI Core version: 0.5
[    9.788467] pciehp: PCI Express Hot Plug Controller Driver version: 0.4
[    9.796941] ACPI: AC Adapter [AC] (off-line)
[    9.801929] input: Power Button as /devices/LNXSYSTM:00/LNXPWRBN:00/input/input0
[    9.848975] ACPI: Power Button [PWRF]
[    9.855636] input: Sleep Button as /devices/LNXSYSTM:00/LNXSLPBN:00/input/input1
[    9.862539] ACPI: Sleep Button [SLPF]
[    9.869095] ACPI: Battery Slot [BAT0] (battery present)
[    9.877527] GHES: HEST is not enabled!
[    9.883220] isapnp: Scanning for PnP cards...
[    9.883221] Serial: 8250/16550 driver, 32 ports, IRQ sharing enabled
[    9.909081] 00:02: ttyS0 at I/O 0x3f8 (irq = 4, base_baud = 115200) is a 16550A
[    9.998969] Linux agpgart interface v0.103
[   10.018432] loop: module loaded
[   10.019666] scsi host0: ata_piix
[   10.038184] scsi host1: ata_piix
[   10.038925] ata1: PATA max UDMA/33 cmd 0x1f0 ctl 0x3f6 bmdma 0xd000 irq 14
[   10.040092] ata2: PATA max UDMA/33 cmd 0x170 ctl 0x376 bmdma 0xd008 irq 15
[   10.049178] libphy: Fixed MDIO Bus: probed
[   10.075231] tun: Universal TUN/TAP device driver, 1.6
[   10.076341] tun: (C) 1999-2004 Max Krasnyansky <maxk@qualcomm.com>
[   10.077754] PPP generic driver version 2.4.2
[   10.118417] ehci_hcd: USB 2.0 'Enhanced' Host Controller (EHCI) Driver
[   10.120202] ehci-pci: EHCI PCI platform driver
[   10.129466] ehci-platform: EHCI generic platform driver
[   10.130435] ohci_hcd: USB 1.1 'Open' Host Controller (OHCI) Driver
[   10.138481] ohci-pci: OHCI PCI platform driver
[   10.139342] ohci-platform: OHCI generic platform driver
[   10.140446] uhci_hcd: USB Universal Host Controller Interface driver
[   10.141610] i8042: PNP: PS/2 Controller [PNP0303:PS2K,PNP0f03:PS2M] at 0x60,0x64 irq 1,12
[   10.143678] serio: i8042 KBD port at 0x60,0x64 irq 1
[   10.161655] serio: i8042 AUX port at 0x60,0x64 irq 12
[   10.162868] mousedev: PS/2 mouse device common for all mice
[   10.164742] input: AT Translated Set 2 keyboard as /devices/platform/i8042/serio0/input/input2
[   10.174723] rtc_cmos rtc_cmos: rtc core: registered rtc_cmos as rtc0
[   10.185302] rtc_cmos rtc_cmos: alarms up to one day, 114 bytes nvram
[   10.200524] i2c /dev entries driver
[   10.216619] device-mapper: uevent: version 1.0.3
[   10.217574] device-mapper: ioctl: 4.34.0-ioctl (2015-10-28) initialised: dm-devel@redhat.com
[   10.219164] platform eisa.0: Probing EISA bus 0
[   10.221259] platform eisa.0: EISA: Cannot allocate resource for mainboard
[   10.222389] platform eisa.0: Cannot allocate resource for EISA slot 1
[   10.223515] platform eisa.0: Cannot allocate resource for EISA slot 2
[   10.227278] platform eisa.0: Cannot allocate resource for EISA slot 3
[   10.228611] platform eisa.0: Cannot allocate resource for EISA slot 4
[   10.229875] platform eisa.0: Cannot allocate resource for EISA slot 5
[   10.231133] platform eisa.0: Cannot allocate resource for EISA slot 6
[   10.233661] platform eisa.0: Cannot allocate resource for EISA slot 7
[   10.234914] platform eisa.0: Cannot allocate resource for EISA slot 8
[   10.236207] platform eisa.0: EISA: Detected 0 cards
[   10.237260] cpufreq-nforce2: No nForce2 chipset.
[   10.243732] ledtrig-cpu: registered to indicate activity on CPUs
[   10.245271] NET: Registered protocol family 10
[   10.248171] NET: Registered protocol family 17
[   10.252771] tsc: Refined TSC clocksource calibration: 2393.838 MHz
[   10.252775] clocksource: tsc: mask: 0xffffffffffffffff max_cycles: 0x22817a5e04e, max_idle_ns: 440795216132 ns
[   10.321815] Key type dns_resolver registered
[   10.336578] microcode: CPU0 sig=0x40651, pf=0x40, revision=0x0
[   10.349040] isapnp: No Plug & Play device found
[   10.352994] microcode: CPU1 sig=0x40651, pf=0x40, revision=0x0
[   10.354609] microcode: Microcode Update Driver: v2.01 <tigran@aivazian.fsnet.co.uk>, Peter Oruba
[   10.388927] Using IPI No-Shortcut mode
[  13924 registered taskstats version 1
[  155210] Loading compiled-inX.9 rtfites
[ 1090848] Loaded X.509 cert 'Build time autogenerated kernel key: 7f7b4bf893129cf83296a565b7f3c803766a0f60'
[  1.020053] zswap: loaded using pool lzo/zbud

[   11.078951] Key type trusted registered
[   11.091316] Key type encrypted registered
[   11.103109] AppArmor: AppArmor sha1 policy hashing enabled
[   11.116973] ima: No TPM chip found, activating TPM-bypass!
[   11.148122] evm: HMAC attrs: 0x1
[   11.155352]   Magic number: 13:602:486
[   11.157443] rtc_cmos rtc_cmos: setting system clock to 2017-08-29 14:29:30 UTC (1504016970)
[   11.162407] BIOS EDD facility v0.16 2004-Jun-25, 0 devices found
[  1.199269] EDD information not available.
[   11.261310] Freeing unused kernel memory: 940K (c1b9f000 - c1c8a000)
[   11.268113] Write protecting the kernel text: 7960k
[   11.285220] Write protecting the kernel read-only data: 3168k
[   11.294192] NX-protecting the kernel data: 6376k
Loading, please wait...
starting version[   11.344382] random: systemd-udevd: uninitialized urandom read (16 bytes read, 2 bits of entropy available)
 229
[   11.345288] random: udevadm: uninitialized urandom read (16 bytes read, 2 bits of entropy available)
[   11.345361] random: udevadm: uninitialized urandom read (16 bytes read, 2 bits of entropy available)
[   11.345586] random: udevadm: uninitialized urandom read (16 bytes read, 2 bits of entropy available)
[   11.345671] random: udevadm: uninitialized urandom read (16 bytes read, 2 bits of entropy available)
[   11.345747] random: udevadm: uninitialized urandom read (16 bytes read, 2 bits of entropy available)
[   11.345830] random: udevadm: uninitialized urandom read (16 bytes read, 2 bits of entropy available)
[   11.345923] random: udevadm: uninitialized urandom read (16 bytes read, 2 bits of entropy available)
[   11.346001] random: udevadm: uninitialized urandom read (16 bytes read, 2 bits of entropy available)
[   11.346080] random: udevadm: uninitialized urandom read (16 bytes read, 2 bits of entropy available)
[   11.460433] e1000: Intel(R) PRO/1000 Network Driver - version 7.3.21-k8-NAPI
[   11.463089] e1000: Copyright (c) 1999-2006 Intel Corporation.
[   11.475403] Fusion MPT base driver 3.04.20
[   11.488769] Copyright (c) 1999-2008 LSI Corporation
[   11.616652] Fusion MPT SPI Host driver 3.04.20
[   11.755950] input: ImExPS/2 Generic Explorer Mouse as /devices/platform/i8042/serio1/input/input4
[   11.932575] e1000 0000:00:03.0 eth0: (PCI:33MHz:32-bit) 02:fd:e7:c7:61:b9
[   12.079136] e1000 0000:00:03.0 eth0: Intel(R) PRO/1000 Network Connection
[   12.086222] mptbase: ioc0: Initiating bringup
[   12.093425] e1000 0000:00:03.0 enp0s3: renamed from eth0
[   12.176255] ioc0: LSI53C1030 A0: Capabilities={Initiator}
[   12.370378] scsi host2: ioc0: LSI53C1030 A0, FwRev=00000000h, Ports=1, MaxQ=256, IRQ=20
[   12.528713] scsi 2:0:0:0: Direct-Access     VBOX     HARDDISK         1.0  PQ: 0 ANSI: 5
[   12.902118] scsi target2:0:0: Beginning Domain Validation
[   12.912255] scsi target2:0:0: Domain Validation skipping write tests
[   12.924790] scsi target2:0:0: Ending Domain Validation
[   12.956769] scsi target2:0:0: asynchronous
[   12.986246] scsi 2:0:1:0: Direct-Access     VBOX     HARDDISK         1.0  PQ: 0 ANSI: 5
[   13.013380] scsi target2:0:1: Beginning Domain Validation
[   13.020763] scsi target2:0:1: Domain Validation skipping write tests
[   13.039027] scsi target2:0:1: Ending Domain Validation
[   13.428303] scsi target2:0:1: asynchronous
[   13.499952] sd 2:0:0:0: [sda] 20971520 512-byte logical blocks: (10.7 GB/10.0 GiB)
[   13.513375] sd 2:0:0:0: Attached scsi generic sg0 type 0
[   13.513679] sd 2:0:0:0: [sda] Write Protect is off
[   13.513762] sd 2:0:0:0: [sda] Incomplete mode parameter data
[   13.513763] sd 2:0:0:0: [sda] Assuming drive cache: write through
[   13.524090]  sda: sda1
[   13.524953] sd 2:0:0:0: [sda] Attached SCSI disk
[   13.822581] sd 2:0:1:0: Attached scsi generic sg1 type 0
[   13.822615] sd 2:0:1:0: [sdb] 20480 512-byte logical blocks: (10.5 MB/10.0 MiB)
[   13.822843] sd 2:0:1:0: [sdb] Write Protect is off
[   13.822927] sd 2:0:1:0: [sdb] Incomplete mode parameter data
[   13.822928] sd 2:0:1:0: [sdb] Assuming drive cache: write through
[   13.860346] sd 2:0:1:0: [sdb] Attached SCSI disk
[   14.588258] floppy0: no floppy controllers found
[   14.588308] work still pending
Begin: Loading e[   16.358766] md: linear personality registered for level -1
ssential drivers ... [   16.410647] md: multipath personality registered for level -4
[   16.424447] md: raid0 personality registered for level 0
[   16.440842] md: raid1 personality registered for level 1
[   16.527863] raid6: mmxx1    gen()  4360 MB/s
[   16.603925] raid6: mmxx2    gen()  4223 MB/s
[   16.675882] raid6: sse1x1   gen()  3522 MB/s
[   16.747886] raid6: sse1x2   gen()  4432 MB/s
[   16.819874] raid6: sse2x1   gen()  6499 MB/s
[   16.895868] raid6: sse2x1   xor()  3909 MB/s
[   16.975860] raid6: sse2x2   gen()  6295 MB/s
[   17.055861] raid6: sse2x2   xor()  4587 MB/s
[   17.062151] raid6: using algorithm sse2x1 gen() 6499 MB/s
[   17.063242] raid6: .... xor() 3909 MB/s, rmw enabled
[   17.064275] raid6: using ssse3x1 recovery algorithm
[   17.069476] xor: automatically using best checksumming function:
[   17.186259]    avx       : 40911.000 MB/sec
[   17.273500] async_tx: api initialized (async)
[   17.332352] md: raid6 personality registered for level 6
[   17.340766] md: raid5 personality registered for level 5
[   17.341859] md: raid4 personality registered for level 4
[   17.356150] md: raid10 personality registered for level 10
done.
Begin: Running /scripts/init-premount ... done.
Begin: Mounting root file system ... Begin: Running /scripts/local-top ... done.
Begin: Running /scripts/local-premount ... [   17.453380] Btrfs loaded
Scanning for Btrfs filesystems
done.
Warning: fsck not present, so skipping root file system
[   17.703889] EXT4-fs (sda1): mounted filesystem with ordered data mode. Opts: (null)
done.
Begin: Running /scripts/local-bottom ... done.
Begin: Running /scripts/init-bottom ... done.
[   18.231917] random: nonblocking pool is initialized
[   18.755384] systemd[1]: systemd 229 running in system mode. (+PAM +AUDIT +SELINUX +IMA +APPARMOR +SMACK +SYSVINIT +UTMP +LIBCRYPTSETUP +GCRYPT +GNUTLS +ACL +XZ -LZ4 +SECCOMP +BLKID +ELFUTILS +KMOD -IDN)
[   18.979562] systemd[1]: Detected virtualization oracle.
[   19.008304] systemd[1]: Detected architecture x86.

Welcome to [1mUbuntu 16.04.2 LTS[0m!

[   19.055347] systemd[1]: Set hostname to <ubuntu-xenial>.
[   20.651659] systemd[1]: Listening on Journal Socket.
[[0;32m  OK  [0m] Listening on Journal Socket.
[   20.736327] systemd[1]: Set up automount Arbitrary Executable File Formats File System Automount Point.
[[0;32m  OK  [0m] Set up automount Arbitrary Executab...ats File System Automount Point.
[   20.784281] systemd[1]: Listening on Journal Audit Socket.
[[0;32m  OK  [0m] Listening on Journal Audit Socket.
[   20.933185] systemd[1]: Listening on Device-mapper event daemon FIFOs.
[[0;32m  OK  [0m] Listening on Device-mapper event daemon FIFOs.
[   20.958937] systemd[1]: Reached target Encrypted Volumes.
[[0;32m  OK  [0m] Reached target Encrypted Volumes.
[   20.961321] systemd[1]: Listening on Journal Socket (/dev/log).
[[0;32m  OK  [0m] Listening on Journal Socket (/dev/log).
[   20.966556] systemd[1]: Listening on LVM2 poll daemon socket.
[[0;32m  OK  [0m] Listening on LVM2 poll daemon socket.
[   21.020199] systemd[1]: Listening on /dev/initctl Compatibility Named Pipe.
[[0;32m  OK  [0m] Listening on /dev/initctl Compatibility Named Pipe.
[   21.088171] systemd[1]: Started Forward Password Requests to Wall Directory Watch.
[[0;32m  OK  [0m] Started Forward Password Requests to Wall Directory Watch.
[   21.252655] systemd[1]: Listening on LVM2 metadata daemon socket.
[[0;32m  OK  [0m] Listening on LVM2 metadata daemon socket.
[   21.256368] systemd[1]: Listening on udev Kernel Socket.
[[0;32m  OK  [0m] Listening on udev Kernel Socket.
[   21.290839] systemd[1]: Created slice User and Session Slice.
[[0;32m  OK  [0m] Created slice User and Session Slice.
[   21.294207] systemd[1]: Reached target User and Group Name Lookups.
[[0;32m  OK  [0m] Reached target User and Group Name Lookups.
[   21.311383] systemd[1]: Created slice System Slice.
[[0;32m  OK  [0m] Created slice System Slice.
[   21.572220] systemd[1]: Starting Load Kernel Modules...
         Starting Load Kernel Modules...
[   21.616857] systemd[1]: Starting Set console keymap...
         Startin[   21.700178] Loading iSCSI transport class v2.0-870.
g Set console keymap...
[   .7134] isci:reisretrspt cp)
[   22.268084] systemd[1]: Mounting Debug File System...
         Mounting Debug File System...
[   22.332864] systemd[1]: Mounting POSIX Message Queue File System...
         Mounting POSIX Message Queue File System...
[   22.348268] systemd[1]: Starting Remount Root and Kernel File Systems...
         Starting Remount Root and Kernel File Systems...
[   22.357126] systemd[1]: Starting Monitoring of LVM2 mirrors, snapshots etc. using dmeventd or progress polling...
         Starting Monitoring of LVM2 mirrors... dmeventd or progress polling...
[   22.368877] systemd[1]: Starting Uncomplicated firewall...
[   22.375877] EXT4-fs (sda1): re-mounted. Opts: (null)
         Starting Uncomplicated firewall...
[   22.385027] systemd[1]: Starting Create list of required static device nodes for the current kernel...
         Starting Create list of required st... nodes for the current kernel...
[   22.409312] systemd[1]: Reached target Slices.
[[0;32m  OK  [0m] Reached target Slices.
[   22.484424] systemd[1]: Starting Nameserver information manager...
         Starting Nameserver information manager...
[   22.506538] systemd[1]: Created slice system-serial\x2dgetty.slice.
[[0;32m  OK  [0m] Created slice system-serial\x2dgetty.slice.
[   22.521255] systemd[1]: Listening on udev Control Socket.
[[0;32m  OK  [0m] Listening on udev Control Socket.
[   22.527082] systemd[1]: Started Trigger resolvconf update for networkd DNS.
[[0;32m  OK  [0m] Started Trigger resolvconf update for networkd DNS.
[   22.559969] systemd[1]: Mounting Huge Pages File System...
         Mounting Huge Pages File System...
[   22.570151] systemd[1]: Reached target Swap.
[[0;32m  OK  [0m] Reached target Swap.
[   22.572942] systemd[1]: Created slice system-postgresql.slice.
[[0;32m  OK  [0m] Created slice system-postgresql.slice.
[   22.575766] systemd[1]: Listening on Syslog Socket.
[[0;32m  OK  [0m] Listening on Syslog Socket.[   22.625133] iscsi: registered transport (iser)

[   22.696616] systemd[1]: Starting Journal Service...
         Starting Journal Service...
[   22.711865] systemd[1]: Mounted Debug File System.
[[0;32m  OK  [0m] Mounted Debug File System.
[   22.789655] systemd[1]: Mounted POSIX Message Queue File System.
[[0;32m  OK  [0m] Mounted POSIX Message Queue File System.
[   22.825312] systemd[1]: Mounted Huge Pages File System.
[[0;32m  OK  [0[   22.831706] ip_tables: (C) 2000-2006 Netfilter Core Team
m] Mounted Huge Pages File System.
[   22.872738] systemd[1]: Started Load Kernel Modules.
[[0;32m  OK  [0m] Started Load Kernel Modules.
[   22.896129] systemd[1]: Started Set console keymap.
[[0;32m  OK  [0m] Started Set console keymap.
[   22.936718] systemd[1]: Started Remount Root and Kernel File Systems.
[[0;32m  OK  [[   23.034331] nf_conntrack version 0.5.0 (15998 buckets, 63992 max)
0m] Started Remount Root and Kernel File Systems.
[   23.088754] systemd[1]: Started Create list of required static device nodes for the current kernel.
[[0;32m  OK  [0m] Started Create list of required sta...ce nodes for the current kernel.
[   23.158626] systemd[1]: Started Journal Service.
[[0;32m  OK  [0m] Started Journal Service.
[[0;32m  OK  [0m] Started Nameserver information manager.
[[0;32m  OK  [0m] Started LVM2[   23.319359] ip6_tables: (C) 2000-2006 Netfilter Core Team
 metadata daemon.
         Starting Create Static Device Nodes in /dev...
         Starting Flush Journal to Persistent Storage...
         Starting udev Coldplug all Devices...
         Starting Initial cloud-init job (pre-networking)...
         Starting Load/Save Random Seed...
         Starting Apply Kernel Variables...
         Mounting FUSE Control File System...
[[0;32m  OK  [0m] Mounted FUSE Control File System.
[   23.684869] systemd-journald[414]: Received request to flush runtime journal from PID 1
[[0;32m  OK  [0m] Started udev Coldplug all Devices.
[[0;32m  OK  [0m] Started Flush Journal to Persistent Storage.
[[0;32m  OK  [0m] Started Load/Save Random Seed.
[[0;32m  OK  [0m] Started Monitoring of LVM2 mirrors,...ng dmeventd or progress polling.
[[0;32m  OK  [0m] Started Apply Kernel Variables.
[[0;32m  OK  [0m] Started Create Static Device Nodes in /dev.
         Starting udev Kernel Device Manager...
[[0;32m  OK  [0m] Started Uncomplicated firewall.
[[0;32m  OK  [0m] Started udev Kernel Device Manager.
[[0;32m  OK  [0m] Started Dispatch Password Requests to Console Directory Watch.
[[0;32m  OK  [0m] Reached target Local File Systems (Pre).
[[0;32m  OK  [0m] Reached target Local File Systems.
         Starting LSB: AppArmor initialization...
         Starting Set console font and keymap...
         Starting Create Volatile Files and Directories...
         Starting Tell Plymouth To Write Out Runtime Data...
[[0;32m  OK  [0m] Started Tell Plymouth To Write Out Runtime Data.
[[0;32m  OK  [0m] Found device /dev/ttyS0.
[[0;32m  OK  [0m] Started Create Volatile Files and Directories.
         Starting Update UTMP about System Boot/Shutdown...
[[0;32m  OK  [0m] Reached target System Time Synchronized.
[[0;32m  OK  [0m] Started Update UTMP about System Boot/Shutdown.
[[0;32m  OK  [0m] Started Set console font and keymap.
[[0;32m  OK  [0m] Created slice system-getty.slice.
[[0;32m  OK  [0m] Found device 82540EM Gigabit Ethern...r (PRO/1000 MT Desktop Adapter).
[[0;32m  OK  [0m] Listening on Load/Save RF Kill Switch Status /dev/rfkill Watch.
[[0;32m  OK  [0m] Started LSB: AppArmor initialization.
[   28.203422] cloud-init[454]: Cloud-init v. 0.7.9 running 'init-local' at Tue, 29 Aug 2017 14:29:50 +0000. Up 27.56 seconds.
[[0;32m  OK  [0m] Started Initial cloud-init job (pre-networking).
[[0;32m  OK  [0m] Reached target Network (Pre).
         Starting Raise network interfaces...
[[0;32m  OK  [0m] Started ifup for enp0s3.
[[0;32m  OK  [0m] Started Raise network interfaces.
[[0;32m  OK  [0m] Reached target Network.
         Starting Initial cloud-init job (metadata service crawler)...
[   30.385439] cloud-init[1032]: Cloud-init v. 0.7.9 running 'init' at Tue, 29 Aug 2017 14:29:51 +0000. Up 29.12 seconds.
[   30.412539] cloud-init[1032]: ci-info: +++++++++++++++++++++++++++++++++++++Net device info++++++++++++++++++++++++++++++++++++++
[   30.465596] cloud-init[1032]: ci-info: +--------+------+----------------------------+---------------+-------+-------------------+
[[0;32m  OK  [0m] Started Initial cloud-init job (metadata service crawler).
[   30.465849] cloud-init[1032]: ci-info: | Device |  Up  |          Address           |      Mask     | Scope |     Hw-Address    |
[   30.596499] cloud-init[1032]: ci-info: +--------+------+----------------------------+---------------+-------+-------------------+
[   30.596941] cloud-init[1032]: ci-info: |   lo   | True |         127.0.0.1          |   255.0.0.0   |   .   |         .         |
[[0;32m  OK  [0m] Reached target Cloud-config availability.
[   30.597124] cloud-init[1032]: ci-info: |   lo   | True |          ::1/128           |       .       |  host |         .         |
[   30.700522] cloud-init[1032]: ci-info: | enp0s3 | True |         10.0.2.15          | 255.255.255.0 |   .   | 02:fd:e7:c7:61:b9 |
[   30.700918] cloud-init[1032]: ci-info: | enp0s3 | True | fe80::fd:e7ff:fec7:61b9/64 |       .       |  link | 02:fd:e7:c7:61:b9 |
[[0;32m  OK  [0m] Reached target System Initialization.
[   30.701040] cloud-init[1032]: ci-info: +--------+------+----------------------------+---------------+-------+-------------------+
[   30.837120] cloud-init[1032]: ci-info: +++++++++++++++++++++++++++Route IPv4 info++++++++++++++++++++++++++++
[   30.837250] cloud-init[1032]: ci-info: +-------+-------------+----------+---------------+-----------+-------+
[[0;32m  OK  [0m] Listening on UUID daemon activation socket.
[   30.837401] cloud-init[1032]: ci-info: | Route | Destination | Gateway  |    Genmask    | Interface | Flags |
[   30.892734] cloud-init[1032]: ci-info: +-------+-------------+----------+---------------+-----------+-------+
[   30.892971] cloud-init[1032]: ci-info: |   0   |   0.0.0.0   | 10.0.2.2 |    0.0.0.0    |   enp0s3  |   UG  |
         Starting Socket activation for snappy daemon.
[   30.893104] cloud-init[1032]: ci-info: |   1   |   10.0.2.0  | 0.0.0.0  | 255.255.255.0 |   enp0s3  |   U   |
[   30.948366] cloud-init[1032]: ci-info: +-------+-------------+----------+---------------+-----------+-------+
[[0;32m  OK  [0m] Started ACPI Events Check.
[[0;32m  OK  [0m] Reached target Paths.
[[0;32m  OK  [0m] Listening on ACPID Listen Socket.
[[0;32m  OK  [0m] Started Timer to automatically refresh installed snaps.
         Starting LXD - unix socket.
[[0;32m  OK  [0m] Started Daily apt activities.
[[0;32m  OK  [0m] Listening on D-Bus System Message Bus Socket.
[[0;32m  OK  [0m] Started Daily Cleanup of Temporary Directories.
[[0;32m  OK  [0m] Reached target Timers.
[[0;32m  OK  [0m] Reached target Network is Online.
         Starting iSCSI initiator daemon (iscsid)...
[[0;32m  OK  [0m] Listening on Socket activation for snappy daemon.
[[0;32m  OK  [0m] Listening on LXD - unix socket.
[[0;32m  OK  [0m] Reached target Sockets.
[[0;32m  OK  [0m] Reached target Basic System.
         Starting /etc/rc.local Compatibility...
[[0;32m  OK  [0m] Started FUSE filesystem for LXC.
         Starting Login Service...
[[0;32m  OK  [0m] Started Regular background program processing daemon.
[[0;32m  OK  [0m] Started D-Bus System Message Bus.
         Starting PostgreSQL Cluster 9.5-main...
         Starting Apply the settings specified in cloud-config...
[[0;32m  OK  [0m] Started Unattended Upgrades Shutdown.
[[0;32m  OK  [0m] Started ACPI event daemon.
         Starting OpenBSD Secure Shell server...
         Starting System Logging Service...
[[0;32m  OK  [0m] Started Deferred execution scheduler.
[[0;32m  OK  [0m] Started Snappy daemon.
         Starting LSB: MD monitoring daemon...
         Starting Auto import assertions from block devices...
         Starting Accounts Service...
         Starting LXD - container startup/shutdown...
         Starting LSB: Record successful boot for GRUB...
[[0;32m  OK  [0m] Started iSCSI initiator daemon (iscsid).
[[0;32m  OK  [0m] Started /etc/rc.local Compatibility.
[[0;32m  OK  [0m] Started Auto import assertions from block devices.
         Starting Login to default iSCSI targets...
[[0;32m  OK  [0m] Started Login Service.
[[0;32m  OK  [0m] Started LSB: Record successful boot for GRUB.
[   33.851466] cloud-init[1107]: Cloud-init v. 0.7.9 running 'modules:config' at Tue, 29 Aug 2017 14:29:55 +0000. Up 32.79 seconds.
[[0;32m  OK  [0m] Started LSB: MD monitoring daemon.
[[0;32m  OK  [0m] Started Apply the settings specified in cloud-config.
[[0;32m  OK  [0m] Started System Logging Service.
[[0;32m  OK  [0m] Started Login to default iSCSI targets.
[[0;32m  OK  [0m] Reached target Remote File Systems (Pre).
[[0;32m  OK  [0m] Reached target Remote File Systems.
         Starting LSB: VirtualBox Linux Additions...
         Starting Permit User Sessions...
         Starting LSB: automatic crash report generation...
         Starting LSB: Apache2 web server...
         Starting LSB: Set the CPU Frequency Scaling governor to "ondemand"...
         Starting LSB: Start/stop sysstat's sadc...
         Starting LSB: daemon to balance interrupts for SMP systems...
[[0;32m  OK  [0m] Started Permit User Sessions.
[[0;32m  OK  [0m] Started LSB: Set the CPU Frequency Scaling governor to "ondemand".
         Starting Terminate Plymouth Boot Screen...
         Starting Hold until boot process finishes up...
[[0;32m  OK  [0m] Started LSB: Start/stop sysstat's sadc.
[[0;32m  OK  [0m] Started Terminate Plymouth Boot Screen.
[[0;32m  OK  [0m] Started Hold until boot process finishes up.
[[0;32m  OK  [0m] Started LSB: automatic crash report generation.
[[0;32m  OK  [0m] Started Serial Getty on ttyS0.
[[0;32m  OK  [0m] Started Getty on tty1.
[[0;32m  OK  [0m] Reached target Login Prompts.
         Starting Set console scheme...
[[0;32m  OK  [0m] Started LSB: daemon to balance interrupts for SMP systems.
[[0;32m  OK  [0m] Started Set console scheme.
         Starting Authenticate and Authorize Users to Run Privileged Tasks...
[[0;32m  OK  [0m] Started OpenBSD Secure Shell server.
[[0;32m  OK  [0m] Started Authenticate and Authorize Users to Run Privileged Tasks.
[[0;32m  OK  [0m] Started LSB: VirtualBox Linux Additions.
[[0;32m  OK  [0m] Started Accounts Service.
[[0;32m  OK  [0m] Started LXD - container startup/shutdown.

Ubuntu 16.04.2 LTS ubuntu-xenial ttyS0

ubuntu-xenial login: [   48.201080] cloud-init[1509]: Cloud-init v. 0.7.9 running 'modules:final' at Tue, 29 Aug 2017 14:30:10 +0000. Up 47.83 seconds.
[   48.201509] cloud-init[1509]: Cloud-init v. 0.7.9 finished at Tue, 29 Aug 2017 14:30:10 +0000. Datasource DataSourceNoCloud [seed=/dev/sdb][dsmode=net].  Up 48.18 seconds
[[0;32m  OK  [0m] Stopped target Cloud-init target.
[[0;32m           Stopping Regular background program processing daemon...
[[0;32m  OK  [0m] Stopped Daily apt activities.
[[0;32m  OK  [0m] Stopped target System Time Synchronized.
[[0;32m  OK  [0m] Stopped Daily Cleanup of Temporary Directories.
         Stopping LSB: automatic crash report generation...
         Stopping Unattended Upgrades Shutdown...
         Stopping LXD - container startup/shutdown...
         Stopping FUSE filesystem for LXC...
         Stopping LSB: Record successful boot for GRUB...
         Stopping User Manager for UID 1000...
         Stopping ACPI event daemon...
         Stopping Accounts Service...
         Stopping Authenticate and Authorize Users to Run Privileged Tasks...
         Stopping LSB: Apache2 web server...
         Stopping Deferred execution scheduler...
         Stopping Session 6 of user ubuntu.
[[0;32m  OK  [0m] Unmounted /var/lib/lxcfs.
[[0;32m  OK  [0m] Stopped Regular background program processing daemon.
[[0;32m  OK  [0m] Stopped ACPI event daemon.
[[0;32m  OK  [0m] Stopped OpenBSD Secure Shell server.
[[0;32m  OK  [0m] Stopped System Logging Service.
[[0;32m  OK  [0m] Stopped Deferred execution scheduler.
[[0;32m  OK  [0m] Stopped Snappy daemon.
[[0;32m  OK  [0m] Stopped Accounts Service.
[[0;32m  OK  [0m] Stopped Serial Getty on ttyS0.
[[0;32m  OK  [0m] Stopped Getty on tty1.
[[0;32m  OK  [0m] Stopped Authenticate and Authorize Users to Run Privileged Tasks.
[[0;32m  OK  [0m] Stopped User Manager for UID 1000.
[[0;32m  OK  [0m] Stopped D-Bus System Message Bus.
[[0;32m  OK  [0m] Stopped Unattended Upgrades Shutdown.
[[0;32m  OK  [0m] Stopped Session 6 of user ubuntu.
[[0;32m  OK  [0m] Stopped FUSE filesystem for LXC.
[[0;32m  OK  [0m] Stopped LSB: VirtualBox Linux Additions.
[[0;32m  OK  [0m] Stopped LXD - container startup/shutdown.
[[0;32m  OK  [0m] Stopped LSB: MD monitoring daemon.
[[0;32m  OK  [0m] Stopped LSB: daemon to balance interrupts for SMP systems.
[[0;32m  OK  [0m] Stopped LSB: automatic crash report generation.
[[0;32m  OK  [0m] Stopped LSB: Start/stop sysstat's sadc.
[[0;32m  OK  [0m] Stopped LSB: Set the CPU Frequency Scaling governor to "ondemand".
[[0;32m  OK  [0m] Stopped LSB: Record successful boot for GRUB.
[[0;32m  OK  [0m] Stopped PostgreSQL Cluster 9.5-main.
[[0;32m  OK  [0m] Removed slice system-postgresql.slice.
[[0;32m  OK  [0m] Removed slice User Slice of ubuntu.
         Stopping Login Service...
[[0;32m  OK  [0m] Removed slice system-getty.slice.
         Stopping Permit User Sessions...
[[0;32m  OK  [0m] Stopped /etc/rc.local Compatibility.
[[0;32m  OK  [0m] Removed slice system-serial\x2dgetty.slice.
[[0;32m  OK  [0m] Stopped Permit User Sessions.
[[0;32m  OK  [0m] Stopped Login Service.
[[0;32m  OK  [0m] Stopped target User and Group Name Lookups.
[[0;32m  OK  [0m] Stopped LSB: Apache2 web server.
[[0;32m  OK  [0m] Stopped target Remote File Systems.
[[0;32m  OK  [0m] Stopped target Remote File Systems (Pre).
         Stopping Login to default iSCSI targets...
[[0;32m  OK  [0m] Stopped target Basic System.
[[0;32m  OK  [0m] Stopped target Slices.
[[0;32m  OK  [0m] Removed slice User and Session Slice.
[[0;32m  OK  [0m] Stopped target Paths.
[[0;32m  OK  [0m] Stopped Forward Password Requests to Wall Directory Watch.
[[0;32m  OK  [0m] Stopped Dispatch Password Requests to Console Directory Watch.
[[0;32m  OK  [0m] Stopped ACPI Events Check.
[[0;32m  OK  [0m] Stopped target Sockets.
[[0;32m  OK  [0m] Closed LXD - unix socket.
[[0;32m  OK  [0m] Closed D-Bus System Message Bus Socket.
[[0;32m  OK  [0m] Closed UUID daemon activation socket.
[[0;32m  OK  [0m] Closed Syslog Socket.
[[0;32m  OK  [0m] Closed ACPID Listen Socket.
[[0;32m  OK  [0m] Closed Socket activation for snappy daemon.
[[0;32m  OK  [0m] Stopped target System Initialization.
[[0;32m  OK  [0m] Stopped target Encrypted Volumes.
         Stopping Load/Save Random Seed...
[[0;32m  OK  [0m] Stopped target Swap.
         Stopping Update UTMP about System Boot/Shutdown...
[[0;32m  OK  [0m] Stopped Load/Save Random Seed.
[[0;32m  OK  [0m] Stopped Update UTMP about System Boot/Shutdown.
[[0;32m  OK  [0m] Stopped Create Volatile Files and Directories.
[[0;32m  OK  [0m] Stopped Login to default iSCSI targets.
         Stopping iSCSI initiator daemon (iscsid)...
[[0;32m  OK  [0m] Stopped iSCSI initiator daemon (iscsid).
[[0;32m  OK  [0m] Stopped target Network is Online.
[[0;32m  OK  [0m] Stopped target Network.
[[0;32m  OK  [0m] Stopped Initial cloud-init job (metadata service crawler).
         Stopping Raise network interfaces...
[[0;32m  OK  [0m] Stopped Raise network interfaces.
[[0;32m  OK  [0m] Stopped Apply Kernel Variables.
[[0;32m  OK  [0m] Stopped Load Kernel Modules.
[[0;32m  OK  [0m] Stopped target Local File Systems.
         Unmounting /run/user/1000...
         Unmounting /vagrant...
[[0;32m  OK  [0m] Stopped target Network (Pre).
[[0;32m  OK  [0m] Stopped Initial cloud-init job (pre-networking).
[[0;32m  OK  [0m] Unmounted /run/user/1000.
[[0;32m  OK  [0m] Unmounted /vagrant.
[[0;32m  OK  [0m] Reached target Unmount All Filesystems.
[[0;32m  OK  [0m] Stopped target Local File Systems (Pre).
[[0;32m  OK  [0m] Stopped Create Static Device Nodes in /dev.
         Stopping Monitoring of LVM2 mirrors... dmeventd or progress polling...
[[0;32m  OK  [0m] Stopped Remount Root and Kernel File Systems.
[[0;32m  OK  [0m] Reached target Shutdown.
[ 1929.999377] reboot: Power down
